Namespace is part of Approvals

 = False
 = False
 = False
System = False
ApprovalTests = True
ApprovalUtilities.SimpleLogger = True
